{
  "version": "1.5.0",
  "plugins_used": [
    {
      "name": "ArtifactoryDetector"
    },
    {
      "name": "AWSKeyDetector"
    },
    {
      "name": "AzureStorageKeyDetector"
    },
    {
      "name": "Base64HighEntropyString",
      "limit": 4.5
    },
    {
      "name": "BasicAuthDetector"
    },
    {
      "name": "CloudantDetector"
    },
    {
      "name": "DiscordBotTokenDetector"
    },
    {
      "name": "GitHubTokenDetector"
    },
    {
      "name": "GitLabTokenDetector"
    },
    {
      "name": "HexHighEntropyString",
      "limit": 3.0
    },
    {
      "name": "IbmCloudIamDetector"
    },
    {
      "name": "IbmCosHmacDetector"
    },
    {
      "name": "IPPublicDetector"
    },
    {
      "name": "JwtTokenDetector"
    },
    {
      "name": "KeywordDetector",
      "keyword_exclude": ""
    },
    {
      "name": "MailchimpDetector"
    },
    {
      "name": "NpmDetector"
    },
    {
      "name": "OpenAIDetector"
    },
    {
      "name": "PrivateKeyDetector"
    },
    {
      "name": "PypiTokenDetector"
    },
    {
      "name": "SendGridDetector"
    },
    {
      "name": "SlackDetector"
    },
    {
      "name": "SoftlayerDetector"
    },
    {
      "name": "SquareOAuthDetector"
    },
    {
      "name": "StripeDetector"
    },
    {
      "name": "TelegramBotTokenDetector"
    },
    {
      "name": "TwilioKeyDetector"
    }
  ],
  "filters_used": [
    {
      "path": "detect_secrets.filters.allowlist.is_line_allowlisted"
    },
    {
      "path": "detect_secrets.filters.common.is_baseline_file",
      "filename": ".secrets.baseline"
    },
    {
      "path": "detect_secrets.filters.common.is_ignored_due_to_verification_policies",
      "min_level": 2
    },
    {
      "path": "detect_secrets.filters.heuristic.is_indirect_reference"
    },
    {
      "path": "detect_secrets.filters.heuristic.is_likely_id_string"
    },
    {
      "path": "detect_secrets.filters.heuristic.is_lock_file"
    },
    {
      "path": "detect_secrets.filters.heuristic.is_not_alphanumeric_string"
    },
    {
      "path": "detect_secrets.filters.heuristic.is_potential_uuid"
    },
    {
      "path": "detect_secrets.filters.heuristic.is_prefixed_with_dollar_sign"
    },
    {
      "path": "detect_secrets.filters.heuristic.is_sequential_string"
    },
    {
      "path": "detect_secrets.filters.heuristic.is_swagger_file"
    },
    {
      "path": "detect_secrets.filters.heuristic.is_templated_secret"
    },
    {
      "path": "detect_secrets.filters.regex.should_exclude_file",
      "pattern": [
        "package-lock\\.json|\\.next/|node_modules/|\\.git/|tsconfig\\.tsbuildinfo|\\.env$|sw\\.js$"
      ]
    },
    {
      "path": "detect_secrets.filters.regex.should_exclude_secret",
      "pattern": [
        "YOUR_.*_HERE|REPLACE_WITH_.*|placeholder|example|test_secret|fake|dummy"
      ]
    }
  ],
  "results": {
    ".github/workflows/ci.yml": [
      {
        "type": "Secret Keyword",
        "filename": ".github/workflows/ci.yml",
        "hashed_secret": "d19c4e9d1ced83e0a8828ae69d9a61be92413211",
        "is_verified": false,
        "line_number": 37
      }
    ],
    ".github/workflows/performance-benchmarks.yml": [
      {
        "type": "Secret Keyword",
        "filename": ".github/workflows/performance-benchmarks.yml",
        "hashed_secret": "8bb6118f8fd6935ad0876a3be34a717d32708ffd",
        "is_verified": false,
        "line_number": 23
      },
      {
        "type": "Basic Auth Credentials",
        "filename": ".github/workflows/performance-benchmarks.yml",
        "hashed_secret": "8bb6118f8fd6935ad0876a3be34a717d32708ffd",
        "is_verified": false,
        "line_number": 62
      }
    ],
    "CLAUDE.md": [
      {
        "type": "Secret Keyword",
        "filename": "CLAUDE.md",
        "hashed_secret": "1bc725d23552a86e92954d0b13183f92cb59765f",
        "is_verified": false,
        "line_number": 139
      }
    ],
    "DATABASE-PASSWORD-GUIDE.md": [
      {
        "type": "Secret Keyword",
        "filename": "DATABASE-PASSWORD-GUIDE.md",
        "hashed_secret": "52dcc83ec1e54426ad58a64854d1eb8d5f5d9685",
        "is_verified": false,
        "line_number": 64
      }
    ],
    "README.md": [
      {
        "type": "Secret Keyword",
        "filename": "README.md",
        "hashed_secret": "45065ce1e8e982145327f46a77a380fb89cb529d",
        "is_verified": false,
        "line_number": 282
      }
    ],
    "backend/.env.example": [
      {
        "type": "Basic Auth Credentials",
        "filename": "backend/.env.example",
        "hashed_secret": "5baa61e4c9b93f3f0682250b6cf8331b7ee68fd8",
        "is_verified": false,
        "line_number": 21
      }
    ],
    "backend/run_security_tests.sh": [
      {
        "type": "Secret Keyword",
        "filename": "backend/run_security_tests.sh",
        "hashed_secret": "c948f1cf86b6528cc333495a4bebf69c6b9594d2",
        "is_verified": false,
        "line_number": 21
      },
      {
        "type": "Secret Keyword",
        "filename": "backend/run_security_tests.sh",
        "hashed_secret": "3acfb2c2b433c0ea7ff107e33df91b18e52f960f",
        "is_verified": false,
        "line_number": 22
      }
    ],
    "backend/tests/conftest.py": [
      {
        "type": "Secret Keyword",
        "filename": "backend/tests/conftest.py",
        "hashed_secret": "f409ce90a1cd144912d1df8620215b2dc9fda731",
        "is_verified": false,
        "line_number": 243
      }
    ],
    "backend/tests/fixtures/llm_services.py": [
      {
        "type": "Secret Keyword",
        "filename": "backend/tests/fixtures/llm_services.py",
        "hashed_secret": "bfe8fe037d4fe1aa6c0aeecf94efe2ebc265c6f8",
        "is_verified": false,
        "line_number": 73
      },
      {
        "type": "Secret Keyword",
        "filename": "backend/tests/fixtures/llm_services.py",
        "hashed_secret": "2f78e510fac2938259e2603029c0b770715f9789",
        "is_verified": false,
        "line_number": 117
      },
      {
        "type": "Secret Keyword",
        "filename": "backend/tests/fixtures/llm_services.py",
        "hashed_secret": "1f755e7520d1f55ec9892ede41179e9327d13f69",
        "is_verified": false,
        "line_number": 227
      }
    ],
    "backend/tests/integration/test_api.py": [
      {
        "type": "Secret Keyword",
        "filename": "backend/tests/integration/test_api.py",
        "hashed_secret": "463d8353f4b927fd953e5af7c41084183e8ce5fb",
        "is_verified": false,
        "line_number": 22
      },
      {
        "type": "Secret Keyword",
        "filename": "backend/tests/integration/test_api.py",
        "hashed_secret": "d8ecf7db8fc9ec9c31bc5c9ae2929cc599c75f8d",
        "is_verified": false,
        "line_number": 51
      }
    ],
    "backend/tests/integration/test_auth_integration.py": [
      {
        "type": "Secret Keyword",
        "filename": "backend/tests/integration/test_auth_integration.py",
        "hashed_secret": "72559b51f94a7a3ad058c5740cbe2f7cb0d4080b",
        "is_verified": false,
        "line_number": 37
      },
      {
        "type": "Secret Keyword",
        "filename": "backend/tests/integration/test_auth_integration.py",
        "hashed_secret": "73027c15d2f0904f8823803d682795f029da84c9",
        "is_verified": false,
        "line_number": 321
      },
      {
        "type": "Secret Keyword",
        "filename": "backend/tests/integration/test_auth_integration.py",
        "hashed_secret": "10a6d0b1420bda05bb65eb2eb4826acad64b23c3",
        "is_verified": false,
        "line_number": 322
      },
      {
        "type": "Secret Keyword",
        "filename": "backend/tests/integration/test_auth_integration.py",
        "hashed_secret": "59b5f35b1aa4c028953107968302765e1dba1cff",
        "is_verified": false,
        "line_number": 443
      }
    ],
    "backend/tests/integration/test_openrouter_streaming.py": [
      {
        "type": "Secret Keyword",
        "filename": "backend/tests/integration/test_openrouter_streaming.py",
        "hashed_secret": "3acfb2c2b433c0ea7ff107e33df91b18e52f960f",
        "is_verified": false,
        "line_number": 58
      }
    ],
    "backend/tests/performance/conftest.py": [
      {
        "type": "Secret Keyword",
        "filename": "backend/tests/performance/conftest.py",
        "hashed_secret": "583a5ae2ff9ee9984979f670640fa6b66dafa450",
        "is_verified": false,
        "line_number": 39
      },
      {
        "type": "Secret Keyword",
        "filename": "backend/tests/performance/conftest.py",
        "hashed_secret": "8489a0e199985d8d73c6f37a85db8c0e4b31c300",
        "is_verified": false,
        "line_number": 43
      },
      {
        "type": "Secret Keyword",
        "filename": "backend/tests/performance/conftest.py",
        "hashed_secret": "6becfd5336f9184f76047d77f93b9e97796f383a",
        "is_verified": false,
        "line_number": 44
      }
    ],
    "backend/tests/performance/test_performance_targets.py": [
      {
        "type": "Secret Keyword",
        "filename": "backend/tests/performance/test_performance_targets.py",
        "hashed_secret": "2346ad27d7568ba9896f1b7da6b5991251debdf2",
        "is_verified": false,
        "line_number": 126
      }
    ],
    "backend/tests/security/conftest.py": [
      {
        "type": "Secret Keyword",
        "filename": "backend/tests/security/conftest.py",
        "hashed_secret": "0994af88757408db340ca3a5e38c2c542970d37f",
        "is_verified": false,
        "line_number": 29
      },
      {
        "type": "Secret Keyword",
        "filename": "backend/tests/security/conftest.py",
        "hashed_secret": "3acfb2c2b433c0ea7ff107e33df91b18e52f960f",
        "is_verified": false,
        "line_number": 35
      }
    ],
    "backend/tests/security/test_auth_security.py": [
      {
        "type": "Secret Keyword",
        "filename": "backend/tests/security/test_auth_security.py",
        "hashed_secret": "463d8353f4b927fd953e5af7c41084183e8ce5fb",
        "is_verified": false,
        "line_number": 42
      },
      {
        "type": "Secret Keyword",
        "filename": "backend/tests/security/test_auth_security.py",
        "hashed_secret": "945d101bfbe32b88521b7b3233f299e05f0219ef",
        "is_verified": false,
        "line_number": 90
      },
      {
        "type": "Secret Keyword",
        "filename": "backend/tests/security/test_auth_security.py",
        "hashed_secret": "6cca58fd7bcdac7ff6e551a93af8653819e5debf",
        "is_verified": false,
        "line_number": 108
      },
      {
        "type": "Secret Keyword",
        "filename": "backend/tests/security/test_auth_security.py",
        "hashed_secret": "d64222bcdaf3f589c1321029cf337eb7e88174b0",
        "is_verified": false,
        "line_number": 132
      },
      {
        "type": "Secret Keyword",
        "filename": "backend/tests/security/test_auth_security.py",
        "hashed_secret": "49efef5f70d47adc2db2eb397fbef5f7bc560e29",
        "is_verified": false,
        "line_number": 150
      },
      {
        "type": "Secret Keyword",
        "filename": "backend/tests/security/test_auth_security.py",
        "hashed_secret": "247fb769fa79f836467c2909ac8945707ee726b0",
        "is_verified": false,
        "line_number": 418
      },
      {
        "type": "Secret Keyword",
        "filename": "backend/tests/security/test_auth_security.py",
        "hashed_secret": "98e540ffae8223c143f1453da4c8604ca943213e",
        "is_verified": false,
        "line_number": 466
      },
      {
        "type": "Secret Keyword",
        "filename": "backend/tests/security/test_auth_security.py",
        "hashed_secret": "951dbde6eba8d6901eac9dac57fdb9059c82e61f",
        "is_verified": false,
        "line_number": 482
      },
      {
        "type": "Secret Keyword",
        "filename": "backend/tests/security/test_auth_security.py",
        "hashed_secret": "813993645968c67b9c156e5153ace9dc8c95464a",
        "is_verified": false,
        "line_number": 521
      },
      {
        "type": "Secret Keyword",
        "filename": "backend/tests/security/test_auth_security.py",
        "hashed_secret": "978cb53369d155538e18a8f5c3aa98eab491610a",
        "is_verified": false,
        "line_number": 557
      },
      {
        "type": "Secret Keyword",
        "filename": "backend/tests/security/test_auth_security.py",
        "hashed_secret": "a58a73a139e920da9e179d4718dcbfe6d51c3c93",
        "is_verified": false,
        "line_number": 594
      },
      {
        "type": "Secret Keyword",
        "filename": "backend/tests/security/test_auth_security.py",
        "hashed_secret": "249b5be227c88c8e2c82a9412dc6b3deb9677298",
        "is_verified": false,
        "line_number": 629
      },
      {
        "type": "Secret Keyword",
        "filename": "backend/tests/security/test_auth_security.py",
        "hashed_secret": "5d1d1f639f7fa53ae2df7bd783506266398c626d",
        "is_verified": false,
        "line_number": 671
      },
      {
        "type": "Secret Keyword",
        "filename": "backend/tests/security/test_auth_security.py",
        "hashed_secret": "2c59d5c0a50dd60bd069be5ed74c2761ea1b8b1c",
        "is_verified": false,
        "line_number": 724
      },
      {
        "type": "Secret Keyword",
        "filename": "backend/tests/security/test_auth_security.py",
        "hashed_secret": "4174653ede52a6afee36adb2ed1c8fbca07849a3",
        "is_verified": false,
        "line_number": 765
      },
      {
        "type": "Secret Keyword",
        "filename": "backend/tests/security/test_auth_security.py",
        "hashed_secret": "3a44952c6be1e4dfcde578fff03a14edbfda18e4",
        "is_verified": false,
        "line_number": 817
      },
      {
        "type": "Secret Keyword",
        "filename": "backend/tests/security/test_auth_security.py",
        "hashed_secret": "382caa7c44ee23ee25616f7e303af33c591efc3a",
        "is_verified": false,
        "line_number": 884
      },
      {
        "type": "Secret Keyword",
        "filename": "backend/tests/security/test_auth_security.py",
        "hashed_secret": "26bb3079de557d86f697d52dfd19db47e80a5ef8",
        "is_verified": false,
        "line_number": 898
      },
      {
        "type": "Secret Keyword",
        "filename": "backend/tests/security/test_auth_security.py",
        "hashed_secret": "d96187d77becf9e9b203db2f7737ef5eb2d32154",
        "is_verified": false,
        "line_number": 911
      }
    ],
    "backend/tests/security/test_llm_routing_security.py": [
      {
        "type": "Secret Keyword",
        "filename": "backend/tests/security/test_llm_routing_security.py",
        "hashed_secret": "2346ad27d7568ba9896f1b7da6b5991251debdf2",
        "is_verified": false,
        "line_number": 134
      },
      {
        "type": "Secret Keyword",
        "filename": "backend/tests/security/test_llm_routing_security.py",
        "hashed_secret": "e2561ed7378b00958fdf45a55d5fa74850309571",
        "is_verified": false,
        "line_number": 189
      }
    ],
    "backend/tests/security/test_rbac.py": [
      {
        "type": "Secret Keyword",
        "filename": "backend/tests/security/test_rbac.py",
        "hashed_secret": "d15f7823d5cab31d568ddb3fa87476fd15741f91",
        "is_verified": false,
        "line_number": 612
      }
    ],
    "backend/tests/security/test_rbac_standalone.py": [
      {
        "type": "Secret Keyword",
        "filename": "backend/tests/security/test_rbac_standalone.py",
        "hashed_secret": "2346ad27d7568ba9896f1b7da6b5991251debdf2",
        "is_verified": false,
        "line_number": 66
      }
    ],
    "backend/tests/security/test_token_security.py": [
      {
        "type": "Secret Keyword",
        "filename": "backend/tests/security/test_token_security.py",
        "hashed_secret": "382caa7c44ee23ee25616f7e303af33c591efc3a",
        "is_verified": false,
        "line_number": 35
      },
      {
        "type": "Secret Keyword",
        "filename": "backend/tests/security/test_token_security.py",
        "hashed_secret": "26bb3079de557d86f697d52dfd19db47e80a5ef8",
        "is_verified": false,
        "line_number": 57
      },
      {
        "type": "Secret Keyword",
        "filename": "backend/tests/security/test_token_security.py",
        "hashed_secret": "b42c1166aa6b91895221eae1b612cca07c78bfb8",
        "is_verified": false,
        "line_number": 280
      }
    ],
    "backend/tests/test_e2e.py": [
      {
        "type": "Secret Keyword",
        "filename": "backend/tests/test_e2e.py",
        "hashed_secret": "382caa7c44ee23ee25616f7e303af33c591efc3a",
        "is_verified": false,
        "line_number": 36
      }
    ],
    "backend/tests/unit/test_cache_hit_streaming.py": [
      {
        "type": "Secret Keyword",
        "filename": "backend/tests/unit/test_cache_hit_streaming.py",
        "hashed_secret": "3acfb2c2b433c0ea7ff107e33df91b18e52f960f",
        "is_verified": false,
        "line_number": 45
      }
    ],
    "backend/tests/unit/test_kimi_service.py": [
      {
        "type": "Secret Keyword",
        "filename": "backend/tests/unit/test_kimi_service.py",
        "hashed_secret": "ed65c049bb2f78ee4f703b2158ba9cc6ea31fb7e",
        "is_verified": false,
        "line_number": 56
      },
      {
        "type": "Secret Keyword",
        "filename": "backend/tests/unit/test_kimi_service.py",
        "hashed_secret": "61ba747fe2f5b3d513c40550084c6284fbbc1094",
        "is_verified": false,
        "line_number": 79
      },
      {
        "type": "Secret Keyword",
        "filename": "backend/tests/unit/test_kimi_service.py",
        "hashed_secret": "3acfb2c2b433c0ea7ff107e33df91b18e52f960f",
        "is_verified": false,
        "line_number": 116
      },
      {
        "type": "Secret Keyword",
        "filename": "backend/tests/unit/test_kimi_service.py",
        "hashed_secret": "9cea46b39bd44a1ef9f3e71bfe9e45c24d3300f6",
        "is_verified": false,
        "line_number": 439
      }
    ],
    "backend/tests/unit/test_llm_routing.py": [
      {
        "type": "Secret Keyword",
        "filename": "backend/tests/unit/test_llm_routing.py",
        "hashed_secret": "2346ad27d7568ba9896f1b7da6b5991251debdf2",
        "is_verified": false,
        "line_number": 72
      },
      {
        "type": "Secret Keyword",
        "filename": "backend/tests/unit/test_llm_routing.py",
        "hashed_secret": "3acfb2c2b433c0ea7ff107e33df91b18e52f960f",
        "is_verified": false,
        "line_number": 257
      }
    ],
    "backend/tests/unit/test_llm_routing_comprehensive.py": [
      {
        "type": "Secret Keyword",
        "filename": "backend/tests/unit/test_llm_routing_comprehensive.py",
        "hashed_secret": "2346ad27d7568ba9896f1b7da6b5991251debdf2",
        "is_verified": false,
        "line_number": 61
      }
    ],
    "backend/tests/unit/test_openrouter_cache.py": [
      {
        "type": "Secret Keyword",
        "filename": "backend/tests/unit/test_openrouter_cache.py",
        "hashed_secret": "3acfb2c2b433c0ea7ff107e33df91b18e52f960f",
        "is_verified": false,
        "line_number": 119
      }
    ],
    "backend/tests/unit/test_services_routing_gaps.py": [
      {
        "type": "Secret Keyword",
        "filename": "backend/tests/unit/test_services_routing_gaps.py",
        "hashed_secret": "2346ad27d7568ba9896f1b7da6b5991251debdf2",
        "is_verified": false,
        "line_number": 179
      }
    ],
    "backend/tests/unit/test_storage_encryption.py": [
      {
        "type": "Base64 High Entropy String",
        "filename": "backend/tests/unit/test_storage_encryption.py",
        "hashed_secret": "9f0ceacfe50f0dc5a2ba4ed2892ddc86ad039bdb",
        "is_verified": false,
        "line_number": 22
      }
    ],
    "backend/tests/unit/test_token_refresh_role_fix.py": [
      {
        "type": "Secret Keyword",
        "filename": "backend/tests/unit/test_token_refresh_role_fix.py",
        "hashed_secret": "1283afe3f149aab815a79b5d52665be0690cec5e",
        "is_verified": false,
        "line_number": 19
      },
      {
        "type": "Secret Keyword",
        "filename": "backend/tests/unit/test_token_refresh_role_fix.py",
        "hashed_secret": "3acfb2c2b433c0ea7ff107e33df91b18e52f960f",
        "is_verified": false,
        "line_number": 22
      }
    ],
    "docs/API.md": [
      {
        "type": "Secret Keyword",
        "filename": "docs/API.md",
        "hashed_secret": "463d8353f4b927fd953e5af7c41084183e8ce5fb",
        "is_verified": false,
        "line_number": 18
      }
    ],
    "docs/API_REFERENCE.md": [
      {
        "type": "Secret Keyword",
        "filename": "docs/API_REFERENCE.md",
        "hashed_secret": "a616a64c0fbc30f12287d0f24f3b90dd2e6a206e",
        "is_verified": false,
        "line_number": 38
      },
      {
        "type": "Secret Keyword",
        "filename": "docs/API_REFERENCE.md",
        "hashed_secret": "d01a8170a4025059c99c32fb69141b34b49ca0b2",
        "is_verified": false,
        "line_number": 1069
      },
      {
        "type": "Secret Keyword",
        "filename": "docs/API_REFERENCE.md",
        "hashed_secret": "9d4e1e23bd5b727046a9e3b4b7db57bd8d6ee684",
        "is_verified": false,
        "line_number": 1386
      }
    ],
    "docs/DEPLOYMENT_CHECKLIST.md": [
      {
        "type": "Secret Keyword",
        "filename": "docs/DEPLOYMENT_CHECKLIST.md",
        "hashed_secret": "7288edd0fc3ffcbe93a0cf06e3568e28521687bc",
        "is_verified": false,
        "line_number": 82
      }
    ],
    "docs/DEPLOYMENT_GUIDE.md": [
      {
        "type": "Basic Auth Credentials",
        "filename": "docs/DEPLOYMENT_GUIDE.md",
        "hashed_secret": "57139bb758a6a8130d8799cb2c77343d59ac455c",
        "is_verified": false,
        "line_number": 566
      }
    ],
    "docs/TESTING.md": [
      {
        "type": "Basic Auth Credentials",
        "filename": "docs/TESTING.md",
        "hashed_secret": "a543de28a9a52efcd1130a4a16ec86096982ab5a",
        "is_verified": false,
        "line_number": 102
      },
      {
        "type": "Basic Auth Credentials",
        "filename": "docs/TESTING.md",
        "hashed_secret": "57139bb758a6a8130d8799cb2c77343d59ac455c",
        "is_verified": false,
        "line_number": 876
      }
    ],
    "docs/TROUBLESHOOTING_GUIDE.md": [
      {
        "type": "Secret Keyword",
        "filename": "docs/TROUBLESHOOTING_GUIDE.md",
        "hashed_secret": "7288edd0fc3ffcbe93a0cf06e3568e28521687bc",
        "is_verified": false,
        "line_number": 18
      }
    ],
    "frontend/app/messages/en.json": [
      {
        "type": "Secret Keyword",
        "filename": "frontend/app/messages/en.json",
        "hashed_secret": "8be3c943b1609fffbfc51aad666d0a04adf83c9d",
        "is_verified": false,
        "line_number": 47
      },
      {
        "type": "Secret Keyword",
        "filename": "frontend/app/messages/en.json",
        "hashed_secret": "c2d404cb7bad34de0af2136b8efa809ea96170fa",
        "is_verified": false,
        "line_number": 48
      },
      {
        "type": "Secret Keyword",
        "filename": "frontend/app/messages/en.json",
        "hashed_secret": "4c29f7f0335807c2524d8c36d531496aee23f473",
        "is_verified": false,
        "line_number": 59
      },
      {
        "type": "Secret Keyword",
        "filename": "frontend/app/messages/en.json",
        "hashed_secret": "bf8804f07772036fc47c44e60c9c3ce7073e6891",
        "is_verified": false,
        "line_number": 60
      },
      {
        "type": "Secret Keyword",
        "filename": "frontend/app/messages/en.json",
        "hashed_secret": "b025ba0d4a025768558c44ace1558d9ce6d740e1",
        "is_verified": false,
        "line_number": 61
      },
      {
        "type": "Secret Keyword",
        "filename": "frontend/app/messages/en.json",
        "hashed_secret": "97a1308a7cf81f386772a874767e5e6ed0c30dba",
        "is_verified": false,
        "line_number": 62
      },
      {
        "type": "Secret Keyword",
        "filename": "frontend/app/messages/en.json",
        "hashed_secret": "168996e3121208273abafd3855111d12430ce214",
        "is_verified": false,
        "line_number": 63
      },
      {
        "type": "Secret Keyword",
        "filename": "frontend/app/messages/en.json",
        "hashed_secret": "ff51e6da2f235a97362021743ba05c2f232604e9",
        "is_verified": false,
        "line_number": 64
      },
      {
        "type": "Secret Keyword",
        "filename": "frontend/app/messages/en.json",
        "hashed_secret": "61415d010948081fe2cd15fb931ce94c8c21daca",
        "is_verified": false,
        "line_number": 65
      },
      {
        "type": "Secret Keyword",
        "filename": "frontend/app/messages/en.json",
        "hashed_secret": "d6e405b9baa1298ea854380cb28b5c8324385b8e",
        "is_verified": false,
        "line_number": 66
      },
      {
        "type": "Secret Keyword",
        "filename": "frontend/app/messages/en.json",
        "hashed_secret": "d69c3b1ac54be7da3666d9937b9c78e7c309d6e8",
        "is_verified": false,
        "line_number": 68
      }
    ],
    "frontend/app/messages/fr.json": [
      {
        "type": "Secret Keyword",
        "filename": "frontend/app/messages/fr.json",
        "hashed_secret": "94e2f3ee14b92e2e675a8f6118d28738dbf5c6ba",
        "is_verified": false,
        "line_number": 47
      },
      {
        "type": "Secret Keyword",
        "filename": "frontend/app/messages/fr.json",
        "hashed_secret": "88362d0d044cf4144e78f646e101110e3f44a9e5",
        "is_verified": false,
        "line_number": 48
      },
      {
        "type": "Secret Keyword",
        "filename": "frontend/app/messages/fr.json",
        "hashed_secret": "4e98e92f36b003841e90c4c08135704cfaea289e",
        "is_verified": false,
        "line_number": 59
      },
      {
        "type": "Secret Keyword",
        "filename": "frontend/app/messages/fr.json",
        "hashed_secret": "949252b7ab9c490ce547b64b9b531ecae6a684be",
        "is_verified": false,
        "line_number": 60
      },
      {
        "type": "Secret Keyword",
        "filename": "frontend/app/messages/fr.json",
        "hashed_secret": "345e1b6d69777061fe64fc1642aa76809d458a28",
        "is_verified": false,
        "line_number": 62
      },
      {
        "type": "Secret Keyword",
        "filename": "frontend/app/messages/fr.json",
        "hashed_secret": "7a8c31295f853ffa82eab17e25a174a6ead79bbe",
        "is_verified": false,
        "line_number": 63
      },
      {
        "type": "Secret Keyword",
        "filename": "frontend/app/messages/fr.json",
        "hashed_secret": "8c755260a39d34e58674c1502a7f2b8ef4fcce23",
        "is_verified": false,
        "line_number": 66
      },
      {
        "type": "Secret Keyword",
        "filename": "frontend/app/messages/fr.json",
        "hashed_secret": "c1a3d196da57a31bc8f209f520d7b1453bf18313",
        "is_verified": false,
        "line_number": 68
      }
    ],
    "scripts/backfill_embeddings_to_vector.py": [
      {
        "type": "Basic Auth Credentials",
        "filename": "scripts/backfill_embeddings_to_vector.py",
        "hashed_secret": "57139bb758a6a8130d8799cb2c77343d59ac455c",
        "is_verified": false,
        "line_number": 33
      }
    ],
    "tests/unit/services/test_alert_service.py": [
      {
        "type": "Secret Keyword",
        "filename": "tests/unit/services/test_alert_service.py",
        "hashed_secret": "0ae83f8987538758e38cb4ef3542335acaf5d57e",
        "is_verified": false,
        "line_number": 88
      }
    ]
  },
  "generated_at": "2026-03-30T09:10:00Z"
}
